{"Time":"2026-09-17T17:07:25.676831+08:00","Action":"start","Package":"github.com/TokenFlux/TokenRouter/internal/handler/admin"}
{"Time":"2026-09-17T17:07:27.68415+08:00","Action":"run","Package":"github.com/TokenFlux/TokenRouter/internal/handler/admin","Test":"TestS15PlanningRejectedFastPolicyHasNoWrites"}
{"Time":"2026-09-17T17:07:27.684346+08:00","Action":"output","Package":"github.com/TokenFlux/TokenRouter/internal/handler/admin","Test":"TestS15PlanningRejectedFastPolicyHasNoWrites","Output":"=== RUN   TestS15PlanningRejectedFastPolicyHasNoWrites\n","OutputType":"frame"}
{"Time":"2026-09-17T17:07:27.689111+08:00","Action":"output","Package":"github.com/TokenFlux/TokenRouter/internal/handler/admin","Test":"TestS15PlanningRejectedFastPolicyHasNoWrites","Output":"    zz_s15_planning_test.go:8: \n","OutputType":"error"}
{"Time":"2026-09-17T17:07:27.689175+08:00","Action":"output","Package":"github.com/TokenFlux/TokenRouter/internal/handler/admin","Test":"TestS15PlanningRejectedFastPolicyHasNoWrites","Output":"        \tError Trace:\t/Users/daodaoneko/GolandProjects/TokenRouter/backend/internal/handler/admin/zz_s15_planning_test.go:8\n","OutputType":"error-continue"}
{"Time":"2026-09-17T17:07:27.689202+08:00","Action":"output","Package":"github.com/TokenFlux/TokenRouter/internal/handler/admin","Test":"TestS15PlanningRejectedFastPolicyHasNoWrites","Output":"        \tError:      \tNot equal: \n","OutputType":"error-continue"}
{"Time":"2026-09-17T17:07:27.689206+08:00","Action":"output","Package":"github.com/TokenFlux/TokenRouter/internal/handler/admin","Test":"TestS15PlanningRejectedFastPolicyHasNoWrites","Output":"        \t            \texpected: \"before\"\n","OutputType":"error-continue"}
{"Time":"2026-09-17T17:07:27.689219+08:00","Action":"output","Package":"github.com/TokenFlux/TokenRouter/internal/handler/admin","Test":"TestS15PlanningRejectedFastPolicyHasNoWrites","Output":"        \t            \tactual  : \"after\"\n","OutputType":"error-continue"}
{"Time":"2026-09-17T17:07:27.689224+08:00","Action":"output","Package":"github.com/TokenFlux/TokenRouter/internal/handler/admin","Test":"TestS15PlanningRejectedFastPolicyHasNoWrites","Output":"        \t            \t\n","OutputType":"error-continue"}
{"Time":"2026-09-17T17:07:27.689227+08:00","Action":"output","Package":"github.com/TokenFlux/TokenRouter/internal/handler/admin","Test":"TestS15PlanningRejectedFastPolicyHasNoWrites","Output":"        \t            \tDiff:\n","OutputType":"error-continue"}
{"Time":"2026-09-17T17:07:27.68923+08:00","Action":"output","Package":"github.com/TokenFlux/TokenRouter/internal/handler/admin","Test":"TestS15PlanningRejectedFastPolicyHasNoWrites","Output":"        \t            \t--- Expected\n","OutputType":"error-continue"}
{"Time":"2026-09-17T17:07:27.689233+08:00","Action":"output","Package":"github.com/TokenFlux/TokenRouter/internal/handler/admin","Test":"TestS15PlanningRejectedFastPolicyHasNoWrites","Output":"        \t            \t+++ Actual\n","OutputType":"error-continue"}
{"Time":"2026-09-17T17:07:27.689235+08:00","Action":"output","Package":"github.com/TokenFlux/TokenRouter/internal/handler/admin","Test":"TestS15PlanningRejectedFastPolicyHasNoWrites","Output":"        \t            \t@@ -1 +1 @@\n","OutputType":"error-continue"}
{"Time":"2026-09-17T17:07:27.689238+08:00","Action":"output","Package":"github.com/TokenFlux/TokenRouter/internal/handler/admin","Test":"TestS15PlanningRejectedFastPolicyHasNoWrites","Output":"        \t            \t-before\n","OutputType":"error-continue"}
{"Time":"2026-09-17T17:07:27.68924+08:00","Action":"output","Package":"github.com/TokenFlux/TokenRouter/internal/handler/admin","Test":"TestS15PlanningRejectedFastPolicyHasNoWrites","Output":"        \t            \t+after\n","OutputType":"error-continue"}
{"Time":"2026-09-17T17:07:27.689242+08:00","Action":"output","Package":"github.com/TokenFlux/TokenRouter/internal/handler/admin","Test":"TestS15PlanningRejectedFastPolicyHasNoWrites","Output":"        \tTest:       \tTestS15PlanningRejectedFastPolicyHasNoWrites\n","OutputType":"error-continue"}
{"Time":"2026-09-17T17:07:27.68927+08:00","Action":"output","Package":"github.com/TokenFlux/TokenRouter/internal/handler/admin","Test":"TestS15PlanningRejectedFastPolicyHasNoWrites","Output":"        \tMessages:   \t后段校验拒绝后不应保存站点名称\n","OutputType":"error-continue"}
{"Time":"2026-09-17T17:07:27.689277+08:00","Action":"output","Package":"github.com/TokenFlux/TokenRouter/internal/handler/admin","Test":"TestS15PlanningRejectedFastPolicyHasNoWrites","Output":"--- FAIL: TestS15PlanningRejectedFastPolicyHasNoWrites (0.00s)\n","OutputType":"frame"}
{"Time":"2026-09-17T17:07:27.68928+08:00","Action":"fail","Package":"github.com/TokenFlux/TokenRouter/internal/handler/admin","Test":"TestS15PlanningRejectedFastPolicyHasNoWrites","Elapsed":0}
{"Time":"2026-09-17T17:07:27.689513+08:00","Action":"run","Package":"github.com/TokenFlux/TokenRouter/internal/handler/admin","Test":"TestS15PlanningRejectedFastPolicyHasNoWrites"}
{"Time":"2026-09-17T17:07:27.689526+08:00","Action":"output","Package":"github.com/TokenFlux/TokenRouter/internal/handler/admin","Test":"TestS15PlanningRejectedFastPolicyHasNoWrites","Output":"=== RUN   TestS15PlanningRejectedFastPolicyHasNoWrites\n","OutputType":"frame"}
{"Time":"2026-09-17T17:07:27.690715+08:00","Action":"output","Package":"github.com/TokenFlux/TokenRouter/internal/handler/admin","Test":"TestS15PlanningRejectedFastPolicyHasNoWrites","Output":"    zz_s15_planning_test.go:8: \n","OutputType":"error"}
{"Time":"2026-09-17T17:07:27.690725+08:00","Action":"output","Package":"github.com/TokenFlux/TokenRouter/internal/handler/admin","Test":"TestS15PlanningRejectedFastPolicyHasNoWrites","Output":"        \tError Trace:\t/Users/daodaoneko/GolandProjects/TokenRouter/backend/internal/handler/admin/zz_s15_planning_test.go:8\n","OutputType":"error-continue"}
{"Time":"2026-09-17T17:07:27.69073+08:00","Action":"output","Package":"github.com/TokenFlux/TokenRouter/internal/handler/admin","Test":"TestS15PlanningRejectedFastPolicyHasNoWrites","Output":"        \tError:      \tNot equal: \n","OutputType":"error-continue"}
{"Time":"2026-09-17T17:07:27.690733+08:00","Action":"output","Package":"github.com/TokenFlux/TokenRouter/internal/handler/admin","Test":"TestS15PlanningRejectedFastPolicyHasNoWrites","Output":"        \t            \texpected: \"before\"\n","OutputType":"error-continue"}
{"Time":"2026-09-17T17:07:27.690738+08:00","Action":"output","Package":"github.com/TokenFlux/TokenRouter/internal/handler/admin","Test":"TestS15PlanningRejectedFastPolicyHasNoWrites","Output":"        \t            \tactual  : \"after\"\n","OutputType":"error-continue"}
{"Time":"2026-09-17T17:07:27.69074+08:00","Action":"output","Package":"github.com/TokenFlux/TokenRouter/internal/handler/admin","Test":"TestS15PlanningRejectedFastPolicyHasNoWrites","Output":"        \t            \t\n","OutputType":"error-continue"}
{"Time":"2026-09-17T17:07:27.690743+08:00","Action":"output","Package":"github.com/TokenFlux/TokenRouter/internal/handler/admin","Test":"TestS15PlanningRejectedFastPolicyHasNoWrites","Output":"        \t            \tDiff:\n","OutputType":"error-continue"}
{"Time":"2026-09-17T17:07:27.690747+08:00","Action":"output","Package":"github.com/TokenFlux/TokenRouter/internal/handler/admin","Test":"TestS15PlanningRejectedFastPolicyHasNoWrites","Output":"        \t            \t--- Expected\n","OutputType":"error-continue"}
{"Time":"2026-09-17T17:07:27.69075+08:00","Action":"output","Package":"github.com/TokenFlux/TokenRouter/internal/handler/admin","Test":"TestS15PlanningRejectedFastPolicyHasNoWrites","Output":"        \t            \t+++ Actual\n","OutputType":"error-continue"}
{"Time":"2026-09-17T17:07:27.690753+08:00","Action":"output","Package":"github.com/TokenFlux/TokenRouter/internal/handler/admin","Test":"TestS15PlanningRejectedFastPolicyHasNoWrites","Output":"        \t            \t@@ -1 +1 @@\n","OutputType":"error-continue"}
{"Time":"2026-09-17T17:07:27.690757+08:00","Action":"output","Package":"github.com/TokenFlux/TokenRouter/internal/handler/admin","Test":"TestS15PlanningRejectedFastPolicyHasNoWrites","Output":"        \t            \t-before\n","OutputType":"error-continue"}
{"Time":"2026-09-17T17:07:27.690767+08:00","Action":"output","Package":"github.com/TokenFlux/TokenRouter/internal/handler/admin","Test":"TestS15PlanningRejectedFastPolicyHasNoWrites","Output":"        \t            \t+after\n","OutputType":"error-continue"}
{"Time":"2026-09-17T17:07:27.690769+08:00","Action":"output","Package":"github.com/TokenFlux/TokenRouter/internal/handler/admin","Test":"TestS15PlanningRejectedFastPolicyHasNoWrites","Output":"        \tTest:       \tTestS15PlanningRejectedFastPolicyHasNoWrites\n","OutputType":"error-continue"}
{"Time":"2026-09-17T17:07:27.690772+08:00","Action":"output","Package":"github.com/TokenFlux/TokenRouter/internal/handler/admin","Test":"TestS15PlanningRejectedFastPolicyHasNoWrites","Output":"        \tMessages:   \t后段校验拒绝后不应保存站点名称\n","OutputType":"error-continue"}
{"Time":"2026-09-17T17:07:27.690776+08:00","Action":"output","Package":"github.com/TokenFlux/TokenRouter/internal/handler/admin","Test":"TestS15PlanningRejectedFastPolicyHasNoWrites","Output":"--- FAIL: TestS15PlanningRejectedFastPolicyHasNoWrites (0.00s)\n","OutputType":"frame"}
{"Time":"2026-09-17T17:07:27.690778+08:00","Action":"fail","Package":"github.com/TokenFlux/TokenRouter/internal/handler/admin","Test":"TestS15PlanningRejectedFastPolicyHasNoWrites","Elapsed":0}
{"Time":"2026-09-17T17:07:27.691117+08:00","Action":"run","Package":"github.com/TokenFlux/TokenRouter/internal/handler/admin","Test":"TestS15PlanningRejectedFastPolicyHasNoWrites"}
{"Time":"2026-09-17T17:07:27.691124+08:00","Action":"output","Package":"github.com/TokenFlux/TokenRouter/internal/handler/admin","Test":"TestS15PlanningRejectedFastPolicyHasNoWrites","Output":"=== RUN   TestS15PlanningRejectedFastPolicyHasNoWrites\n","OutputType":"frame"}
{"Time":"2026-09-17T17:07:27.691965+08:00","Action":"output","Package":"github.com/TokenFlux/TokenRouter/internal/handler/admin","Test":"TestS15PlanningRejectedFastPolicyHasNoWrites","Output":"    zz_s15_planning_test.go:8: \n","OutputType":"error"}
{"Time":"2026-09-17T17:07:27.691984+08:00","Action":"output","Package":"github.com/TokenFlux/TokenRouter/internal/handler/admin","Test":"TestS15PlanningRejectedFastPolicyHasNoWrites","Output":"        \tError Trace:\t/Users/daodaoneko/GolandProjects/TokenRouter/backend/internal/handler/admin/zz_s15_planning_test.go:8\n","OutputType":"error-continue"}
{"Time":"2026-09-17T17:07:27.691991+08:00","Action":"output","Package":"github.com/TokenFlux/TokenRouter/internal/handler/admin","Test":"TestS15PlanningRejectedFastPolicyHasNoWrites","Output":"        \tError:      \tNot equal: \n","OutputType":"error-continue"}
{"Time":"2026-09-17T17:07:27.691996+08:00","Action":"output","Package":"github.com/TokenFlux/TokenRouter/internal/handler/admin","Test":"TestS15PlanningRejectedFastPolicyHasNoWrites","Output":"        \t            \texpected: \"before\"\n","OutputType":"error-continue"}
{"Time":"2026-09-17T17:07:27.692+08:00","Action":"output","Package":"github.com/TokenFlux/TokenRouter/internal/handler/admin","Test":"TestS15PlanningRejectedFastPolicyHasNoWrites","Output":"        \t            \tactual  : \"after\"\n","OutputType":"error-continue"}
{"Time":"2026-09-17T17:07:27.692004+08:00","Action":"output","Package":"github.com/TokenFlux/TokenRouter/internal/handler/admin","Test":"TestS15PlanningRejectedFastPolicyHasNoWrites","Output":"        \t            \t\n","OutputType":"error-continue"}
{"Time":"2026-09-17T17:07:27.692007+08:00","Action":"output","Package":"github.com/TokenFlux/TokenRouter/internal/handler/admin","Test":"TestS15PlanningRejectedFastPolicyHasNoWrites","Output":"        \t            \tDiff:\n","OutputType":"error-continue"}
{"Time":"2026-09-17T17:07:27.69201+08:00","Action":"output","Package":"github.com/TokenFlux/TokenRouter/internal/handler/admin","Test":"TestS15PlanningRejectedFastPolicyHasNoWrites","Output":"        \t            \t--- Expected\n","OutputType":"error-continue"}
{"Time":"2026-09-17T17:07:27.692012+08:00","Action":"output","Package":"github.com/TokenFlux/TokenRouter/internal/handler/admin","Test":"TestS15PlanningRejectedFastPolicyHasNoWrites","Output":"        \t            \t+++ Actual\n","OutputType":"error-continue"}
{"Time":"2026-09-17T17:07:27.692029+08:00","Action":"output","Package":"github.com/TokenFlux/TokenRouter/internal/handler/admin","Test":"TestS15PlanningRejectedFastPolicyHasNoWrites","Output":"        \t            \t@@ -1 +1 @@\n","OutputType":"error-continue"}
{"Time":"2026-09-17T17:07:27.692043+08:00","Action":"output","Package":"github.com/TokenFlux/TokenRouter/internal/handler/admin","Test":"TestS15PlanningRejectedFastPolicyHasNoWrites","Output":"        \t            \t-before\n","OutputType":"error-continue"}
{"Time":"2026-09-17T17:07:27.692047+08:00","Action":"output","Package":"github.com/TokenFlux/TokenRouter/internal/handler/admin","Test":"TestS15PlanningRejectedFastPolicyHasNoWrites","Output":"        \t            \t+after\n","OutputType":"error-continue"}
{"Time":"2026-09-17T17:07:27.69205+08:00","Action":"output","Package":"github.com/TokenFlux/TokenRouter/internal/handler/admin","Test":"TestS15PlanningRejectedFastPolicyHasNoWrites","Output":"        \tTest:       \tTestS15PlanningRejectedFastPolicyHasNoWrites\n","OutputType":"error-continue"}
{"Time":"2026-09-17T17:07:27.692053+08:00","Action":"output","Package":"github.com/TokenFlux/TokenRouter/internal/handler/admin","Test":"TestS15PlanningRejectedFastPolicyHasNoWrites","Output":"        \tMessages:   \t后段校验拒绝后不应保存站点名称\n","OutputType":"error-continue"}
{"Time":"2026-09-17T17:07:27.692057+08:00","Action":"output","Package":"github.com/TokenFlux/TokenRouter/internal/handler/admin","Test":"TestS15PlanningRejectedFastPolicyHasNoWrites","Output":"--- FAIL: TestS15PlanningRejectedFastPolicyHasNoWrites (0.00s)\n","OutputType":"frame"}
{"Time":"2026-09-17T17:07:27.69206+08:00","Action":"fail","Package":"github.com/TokenFlux/TokenRouter/internal/handler/admin","Test":"TestS15PlanningRejectedFastPolicyHasNoWrites","Elapsed":0}
{"Time":"2026-09-17T17:07:27.692064+08:00","Action":"output","Package":"github.com/TokenFlux/TokenRouter/internal/handler/admin","Output":"FAIL\n","OutputType":"frame"}
{"Time":"2026-09-17T17:07:27.694339+08:00","Action":"output","Package":"github.com/TokenFlux/TokenRouter/internal/handler/admin","Output":"FAIL\tgithub.com/TokenFlux/TokenRouter/internal/handler/admin\t2.017s\n","OutputType":"frame"}
{"Time":"2026-09-17T17:07:27.694371+08:00","Action":"fail","Package":"github.com/TokenFlux/TokenRouter/internal/handler/admin","Elapsed":2.018}
{"Time":"2026-09-17T17:07:45.291374+08:00","Action":"start","Package":"github.com/TokenFlux/TokenRouter/internal/service"}
{"Time":"2026-09-17T17:07:45.29145+08:00","Action":"start","Package":"github.com/TokenFlux/TokenRouter/internal/web"}
{"Time":"2026-09-17T17:07:47.477228+08:00","Action":"run","Package":"github.com/TokenFlux/TokenRouter/internal/web","Test":"TestS15PlanningLateHTMLPublication"}
{"Time":"2026-09-17T17:07:47.477355+08:00","Action":"output","Package":"github.com/TokenFlux/TokenRouter/internal/web","Test":"TestS15PlanningLateHTMLPublication","Output":"=== RUN   TestS15PlanningLateHTMLPublication\n","OutputType":"frame"}
{"Time":"2026-09-17T17:07:47.477762+08:00","Action":"output","Package":"github.com/TokenFlux/TokenRouter/internal/web","Test":"TestS15PlanningLateHTMLPublication","Output":"    zz_s15_planning_test.go:11: \n","OutputType":"error"}
{"Time":"2026-09-17T17:07:47.477782+08:00","Action":"output","Package":"github.com/TokenFlux/TokenRouter/internal/web","Test":"TestS15PlanningLateHTMLPublication","Output":"        \tError Trace:\t/Users/daodaoneko/GolandProjects/TokenRouter/backend/internal/web/zz_s15_planning_test.go:11\n","OutputType":"error-continue"}
{"Time":"2026-09-17T17:07:47.477797+08:00","Action":"output","Package":"github.com/TokenFlux/TokenRouter/internal/web","Test":"TestS15PlanningLateHTMLPublication","Output":"        \tError:      \tShould be true\n","OutputType":"error-continue"}
{"Time":"2026-09-17T17:07:47.477805+08:00","Action":"output","Package":"github.com/TokenFlux/TokenRouter/internal/web","Test":"TestS15PlanningLateHTMLPublication","Output":"        \tTest:       \tTestS15PlanningLateHTMLPublication\n","OutputType":"error-continue"}
{"Time":"2026-09-17T17:07:47.477825+08:00","Action":"output","Package":"github.com/TokenFlux/TokenRouter/internal/web","Test":"TestS15PlanningLateHTMLPublication","Output":"        \tMessages:   \t旧回源覆盖失效，后续请求未取得新配置\n","OutputType":"error-continue"}
{"Time":"2026-09-17T17:07:47.477852+08:00","Action":"output","Package":"github.com/TokenFlux/TokenRouter/internal/web","Test":"TestS15PlanningLateHTMLPublication","Output":"--- FAIL: TestS15PlanningLateHTMLPublication (0.00s)\n","OutputType":"frame"}
{"Time":"2026-09-17T17:07:47.477856+08:00","Action":"fail","Package":"github.com/TokenFlux/TokenRouter/internal/web","Test":"TestS15PlanningLateHTMLPublication","Elapsed":0}
{"Time":"2026-09-17T17:07:47.477897+08:00","Action":"run","Package":"github.com/TokenFlux/TokenRouter/internal/web","Test":"TestS15PlanningLateHTMLPublication"}
{"Time":"2026-09-17T17:07:47.477902+08:00","Action":"output","Package":"github.com/TokenFlux/TokenRouter/internal/web","Test":"TestS15PlanningLateHTMLPublication","Output":"=== RUN   TestS15PlanningLateHTMLPublication\n","OutputType":"frame"}
{"Time":"2026-09-17T17:07:47.477985+08:00","Action":"output","Package":"github.com/TokenFlux/TokenRouter/internal/web","Test":"TestS15PlanningLateHTMLPublication","Output":"    zz_s15_planning_test.go:11: \n","OutputType":"error"}
{"Time":"2026-09-17T17:07:47.477997+08:00","Action":"output","Package":"github.com/TokenFlux/TokenRouter/internal/web","Test":"TestS15PlanningLateHTMLPublication","Output":"        \tError Trace:\t/Users/daodaoneko/GolandProjects/TokenRouter/backend/internal/web/zz_s15_planning_test.go:11\n","OutputType":"error-continue"}
{"Time":"2026-09-17T17:07:47.478002+08:00","Action":"output","Package":"github.com/TokenFlux/TokenRouter/internal/web","Test":"TestS15PlanningLateHTMLPublication","Output":"        \tError:      \tShould be true\n","OutputType":"error-continue"}
{"Time":"2026-09-17T17:07:47.47804+08:00","Action":"output","Package":"github.com/TokenFlux/TokenRouter/internal/web","Test":"TestS15PlanningLateHTMLPublication","Output":"        \tTest:       \tTestS15PlanningLateHTMLPublication\n","OutputType":"error-continue"}
{"Time":"2026-09-17T17:07:47.478046+08:00","Action":"output","Package":"github.com/TokenFlux/TokenRouter/internal/web","Test":"TestS15PlanningLateHTMLPublication","Output":"        \tMessages:   \t旧回源覆盖失效，后续请求未取得新配置\n","OutputType":"error-continue"}
{"Time":"2026-09-17T17:07:47.478051+08:00","Action":"output","Package":"github.com/TokenFlux/TokenRouter/internal/web","Test":"TestS15PlanningLateHTMLPublication","Output":"--- FAIL: TestS15PlanningLateHTMLPublication (0.00s)\n","OutputType":"frame"}
{"Time":"2026-09-17T17:07:47.478055+08:00","Action":"fail","Package":"github.com/TokenFlux/TokenRouter/internal/web","Test":"TestS15PlanningLateHTMLPublication","Elapsed":0}
{"Time":"2026-09-17T17:07:47.478058+08:00","Action":"run","Package":"github.com/TokenFlux/TokenRouter/internal/web","Test":"TestS15PlanningLateHTMLPublication"}
{"Time":"2026-09-17T17:07:47.478061+08:00","Action":"output","Package":"github.com/TokenFlux/TokenRouter/internal/web","Test":"TestS15PlanningLateHTMLPublication","Output":"=== RUN   TestS15PlanningLateHTMLPublication\n","OutputType":"frame"}
{"Time":"2026-09-17T17:07:47.478169+08:00","Action":"output","Package":"github.com/TokenFlux/TokenRouter/internal/web","Test":"TestS15PlanningLateHTMLPublication","Output":"    zz_s15_planning_test.go:11: \n","OutputType":"error"}
{"Time":"2026-09-17T17:07:47.478174+08:00","Action":"output","Package":"github.com/TokenFlux/TokenRouter/internal/web","Test":"TestS15PlanningLateHTMLPublication","Output":"        \tError Trace:\t/Users/daodaoneko/GolandProjects/TokenRouter/backend/internal/web/zz_s15_planning_test.go:11\n","OutputType":"error-continue"}
{"Time":"2026-09-17T17:07:47.478177+08:00","Action":"output","Package":"github.com/TokenFlux/TokenRouter/internal/web","Test":"TestS15PlanningLateHTMLPublication","Output":"        \tError:      \tShould be true\n","OutputType":"error-continue"}
{"Time":"2026-09-17T17:07:47.478184+08:00","Action":"output","Package":"github.com/TokenFlux/TokenRouter/internal/web","Test":"TestS15PlanningLateHTMLPublication","Output":"        \tTest:       \tTestS15PlanningLateHTMLPublication\n","OutputType":"error-continue"}
{"Time":"2026-09-17T17:07:47.478186+08:00","Action":"output","Package":"github.com/TokenFlux/TokenRouter/internal/web","Test":"TestS15PlanningLateHTMLPublication","Output":"        \tMessages:   \t旧回源覆盖失效，后续请求未取得新配置\n","OutputType":"error-continue"}
{"Time":"2026-09-17T17:07:47.47819+08:00","Action":"output","Package":"github.com/TokenFlux/TokenRouter/internal/web","Test":"TestS15PlanningLateHTMLPublication","Output":"--- FAIL: TestS15PlanningLateHTMLPublication (0.00s)\n","OutputType":"frame"}
{"Time":"2026-09-17T17:07:47.478194+08:00","Action":"fail","Package":"github.com/TokenFlux/TokenRouter/internal/web","Test":"TestS15PlanningLateHTMLPublication","Elapsed":0}
{"Time":"2026-09-17T17:07:47.478204+08:00","Action":"output","Package":"github.com/TokenFlux/TokenRouter/internal/web","Output":"FAIL\n","OutputType":"frame"}
{"Time":"2026-09-17T17:07:47.48024+08:00","Action":"output","Package":"github.com/TokenFlux/TokenRouter/internal/web","Output":"FAIL\tgithub.com/TokenFlux/TokenRouter/internal/web\t2.189s\n","OutputType":"frame"}
{"Time":"2026-09-17T17:07:47.48028+08:00","Action":"fail","Package":"github.com/TokenFlux/TokenRouter/internal/web","Elapsed":2.189}
{"Time":"2026-09-17T17:07:49.074607+08:00","Action":"output","Package":"github.com/TokenFlux/TokenRouter/internal/service","Output":"2026/09/17 09:07:49 Timezone initialized: UTC (UTC offset: +00:00)\n"}
{"Time":"2026-09-17T17:07:49.081117+08:00","Action":"run","Package":"github.com/TokenFlux/TokenRouter/internal/service","Test":"TestS15PlanningLateBackendModeLoad"}
{"Time":"2026-09-17T17:07:49.081162+08:00","Action":"output","Package":"github.com/TokenFlux/TokenRouter/internal/service","Test":"TestS15PlanningLateBackendModeLoad","Output":"=== RUN   TestS15PlanningLateBackendModeLoad\n","OutputType":"frame"}
{"Time":"2026-09-17T17:07:49.082695+08:00","Action":"output","Package":"github.com/TokenFlux/TokenRouter/internal/service","Test":"TestS15PlanningLateBackendModeLoad","Output":"    zz_s15_planning_test.go:13: \n","OutputType":"error"}
{"Time":"2026-09-17T17:07:49.082714+08:00","Action":"output","Package":"github.com/TokenFlux/TokenRouter/internal/service","Test":"TestS15PlanningLateBackendModeLoad","Output":"        \tError Trace:\t/Users/daodaoneko/GolandProjects/TokenRouter/backend/internal/service/zz_s15_planning_test.go:13\n","OutputType":"error-continue"}
{"Time":"2026-09-17T17:07:49.082735+08:00","Action":"output","Package":"github.com/TokenFlux/TokenRouter/internal/service","Test":"TestS15PlanningLateBackendModeLoad","Output":"        \tError:      \tShould be true\n","OutputType":"error-continue"}
{"Time":"2026-09-17T17:07:49.082738+08:00","Action":"output","Package":"github.com/TokenFlux/TokenRouter/internal/service","Test":"TestS15PlanningLateBackendModeLoad","Output":"        \tTest:       \tTestS15PlanningLateBackendModeLoad\n","OutputType":"error-continue"}
{"Time":"2026-09-17T17:07:49.082745+08:00","Action":"output","Package":"github.com/TokenFlux/TokenRouter/internal/service","Test":"TestS15PlanningLateBackendModeLoad","Output":"        \tMessages:   \t旧回源覆盖管理员刚开启的 backend mode\n","OutputType":"error-continue"}
{"Time":"2026-09-17T17:07:49.082756+08:00","Action":"output","Package":"github.com/TokenFlux/TokenRouter/internal/service","Test":"TestS15PlanningLateBackendModeLoad","Output":"--- FAIL: TestS15PlanningLateBackendModeLoad (0.00s)\n","OutputType":"frame"}
{"Time":"2026-09-17T17:07:49.082759+08:00","Action":"fail","Package":"github.com/TokenFlux/TokenRouter/internal/service","Test":"TestS15PlanningLateBackendModeLoad","Elapsed":0}
{"Time":"2026-09-17T17:07:49.089207+08:00","Action":"run","Package":"github.com/TokenFlux/TokenRouter/internal/service","Test":"TestS15PlanningLateBackendModeLoad"}
{"Time":"2026-09-17T17:07:49.089245+08:00","Action":"output","Package":"github.com/TokenFlux/TokenRouter/internal/service","Test":"TestS15PlanningLateBackendModeLoad","Output":"=== RUN   TestS15PlanningLateBackendModeLoad\n","OutputType":"frame"}
{"Time":"2026-09-17T17:07:49.089868+08:00","Action":"output","Package":"github.com/TokenFlux/TokenRouter/internal/service","Test":"TestS15PlanningLateBackendModeLoad","Output":"    zz_s15_planning_test.go:13: \n","OutputType":"error"}
{"Time":"2026-09-17T17:07:49.08989+08:00","Action":"output","Package":"github.com/TokenFlux/TokenRouter/internal/service","Test":"TestS15PlanningLateBackendModeLoad","Output":"        \tError Trace:\t/Users/daodaoneko/GolandProjects/TokenRouter/backend/internal/service/zz_s15_planning_test.go:13\n","OutputType":"error-continue"}
{"Time":"2026-09-17T17:07:49.089895+08:00","Action":"output","Package":"github.com/TokenFlux/TokenRouter/internal/service","Test":"TestS15PlanningLateBackendModeLoad","Output":"        \tError:      \tShould be true\n","OutputType":"error-continue"}
{"Time":"2026-09-17T17:07:49.089907+08:00","Action":"output","Package":"github.com/TokenFlux/TokenRouter/internal/service","Test":"TestS15PlanningLateBackendModeLoad","Output":"        \tTest:       \tTestS15PlanningLateBackendModeLoad\n","OutputType":"error-continue"}
{"Time":"2026-09-17T17:07:49.089911+08:00","Action":"output","Package":"github.com/TokenFlux/TokenRouter/internal/service","Test":"TestS15PlanningLateBackendModeLoad","Output":"        \tMessages:   \t旧回源覆盖管理员刚开启的 backend mode\n","OutputType":"error-continue"}
{"Time":"2026-09-17T17:07:49.089916+08:00","Action":"output","Package":"github.com/TokenFlux/TokenRouter/internal/service","Test":"TestS15PlanningLateBackendModeLoad","Output":"--- FAIL: TestS15PlanningLateBackendModeLoad (0.00s)\n","OutputType":"frame"}
{"Time":"2026-09-17T17:07:49.089919+08:00","Action":"fail","Package":"github.com/TokenFlux/TokenRouter/internal/service","Test":"TestS15PlanningLateBackendModeLoad","Elapsed":0}
{"Time":"2026-09-17T17:07:49.096455+08:00","Action":"run","Package":"github.com/TokenFlux/TokenRouter/internal/service","Test":"TestS15PlanningLateBackendModeLoad"}
{"Time":"2026-09-17T17:07:49.096482+08:00","Action":"output","Package":"github.com/TokenFlux/TokenRouter/internal/service","Test":"TestS15PlanningLateBackendModeLoad","Output":"=== RUN   TestS15PlanningLateBackendModeLoad\n","OutputType":"frame"}
{"Time":"2026-09-17T17:07:49.097348+08:00","Action":"output","Package":"github.com/TokenFlux/TokenRouter/internal/service","Test":"TestS15PlanningLateBackendModeLoad","Output":"    zz_s15_planning_test.go:13: \n","OutputType":"error"}
{"Time":"2026-09-17T17:07:49.097372+08:00","Action":"output","Package":"github.com/TokenFlux/TokenRouter/internal/service","Test":"TestS15PlanningLateBackendModeLoad","Output":"        \tError Trace:\t/Users/daodaoneko/GolandProjects/TokenRouter/backend/internal/service/zz_s15_planning_test.go:13\n","OutputType":"error-continue"}
{"Time":"2026-09-17T17:07:49.097377+08:00","Action":"output","Package":"github.com/TokenFlux/TokenRouter/internal/service","Test":"TestS15PlanningLateBackendModeLoad","Output":"        \tError:      \tShould be true\n","OutputType":"error-continue"}
{"Time":"2026-09-17T17:07:49.097381+08:00","Action":"output","Package":"github.com/TokenFlux/TokenRouter/internal/service","Test":"TestS15PlanningLateBackendModeLoad","Output":"        \tTest:       \tTestS15PlanningLateBackendModeLoad\n","OutputType":"error-continue"}
{"Time":"2026-09-17T17:07:49.097385+08:00","Action":"output","Package":"github.com/TokenFlux/TokenRouter/internal/service","Test":"TestS15PlanningLateBackendModeLoad","Output":"        \tMessages:   \t旧回源覆盖管理员刚开启的 backend mode\n","OutputType":"error-continue"}
{"Time":"2026-09-17T17:07:49.097415+08:00","Action":"output","Package":"github.com/TokenFlux/TokenRouter/internal/service","Test":"TestS15PlanningLateBackendModeLoad","Output":"--- FAIL: TestS15PlanningLateBackendModeLoad (0.00s)\n","OutputType":"frame"}
{"Time":"2026-09-17T17:07:49.097432+08:00","Action":"fail","Package":"github.com/TokenFlux/TokenRouter/internal/service","Test":"TestS15PlanningLateBackendModeLoad","Elapsed":0}
{"Time":"2026-09-17T17:07:49.097468+08:00","Action":"output","Package":"github.com/TokenFlux/TokenRouter/internal/service","Output":"FAIL\n","OutputType":"frame"}
{"Time":"2026-09-17T17:07:49.100117+08:00","Action":"output","Package":"github.com/TokenFlux/TokenRouter/internal/service","Output":"FAIL\tgithub.com/TokenFlux/TokenRouter/internal/service\t3.809s\n","OutputType":"frame"}
{"Time":"2026-09-17T17:07:49.100139+08:00","Action":"fail","Package":"github.com/TokenFlux/TokenRouter/internal/service","Elapsed":3.809}
