{"Time":"2026-09-17T17:13:28.124952+08:00","Action":"start","Package":"github.com/TokenFlux/TokenRouter/internal/repository"}
{"Time":"2026-09-17T17:13:30.29966+08:00","Action":"output","Package":"github.com/TokenFlux/TokenRouter/internal/repository","Output":"2026/09/17 09:13:30 Timezone initialized: UTC (UTC offset: +00:00)\n"}
{"Time":"2026-09-17T17:13:38.773759+08:00","Action":"run","Package":"github.com/TokenFlux/TokenRouter/internal/repository","Test":"TestSettingRepoSuite"}
{"Time":"2026-09-17T17:13:38.773829+08:00","Action":"output","Package":"github.com/TokenFlux/TokenRouter/internal/repository","Test":"TestSettingRepoSuite","Output":"=== RUN   TestSettingRepoSuite\n","OutputType":"frame"}
{"Time":"2026-09-17T17:13:38.774641+08:00","Action":"run","Package":"github.com/TokenFlux/TokenRouter/internal/repository","Test":"TestSettingRepoSuite/TestDelete"}
{"Time":"2026-09-17T17:13:38.774668+08:00","Action":"output","Package":"github.com/TokenFlux/TokenRouter/internal/repository","Test":"TestSettingRepoSuite/TestDelete","Output":"=== RUN   TestSettingRepoSuite/TestDelete\n","OutputType":"frame"}
{"Time":"2026-09-17T17:13:38.777129+08:00","Action":"output","Package":"github.com/TokenFlux/TokenRouter/internal/repository","Test":"TestSettingRepoSuite/TestDelete","Output":"--- PASS: TestSettingRepoSuite/TestDelete (0.00s)\n","OutputType":"frame"}
{"Time":"2026-09-17T17:13:38.777163+08:00","Action":"pass","Package":"github.com/TokenFlux/TokenRouter/internal/repository","Test":"TestSettingRepoSuite/TestDelete","Elapsed":0}
{"Time":"2026-09-17T17:13:38.77718+08:00","Action":"run","Package":"github.com/TokenFlux/TokenRouter/internal/repository","Test":"TestSettingRepoSuite/TestDelete_Idempotent"}
{"Time":"2026-09-17T17:13:38.777184+08:00","Action":"output","Package":"github.com/TokenFlux/TokenRouter/internal/repository","Test":"TestSettingRepoSuite/TestDelete_Idempotent","Output":"=== RUN   TestSettingRepoSuite/TestDelete_Idempotent\n","OutputType":"frame"}
{"Time":"2026-09-17T17:13:38.777863+08:00","Action":"output","Package":"github.com/TokenFlux/TokenRouter/internal/repository","Test":"TestSettingRepoSuite/TestDelete_Idempotent","Output":"--- PASS: TestSettingRepoSuite/TestDelete_Idempotent (0.00s)\n","OutputType":"frame"}
{"Time":"2026-09-17T17:13:38.777888+08:00","Action":"pass","Package":"github.com/TokenFlux/TokenRouter/internal/repository","Test":"TestSettingRepoSuite/TestDelete_Idempotent","Elapsed":0}
{"Time":"2026-09-17T17:13:38.777902+08:00","Action":"run","Package":"github.com/TokenFlux/TokenRouter/internal/repository","Test":"TestSettingRepoSuite/TestGetAll"}
{"Time":"2026-09-17T17:13:38.777906+08:00","Action":"output","Package":"github.com/TokenFlux/TokenRouter/internal/repository","Test":"TestSettingRepoSuite/TestGetAll","Output":"=== RUN   TestSettingRepoSuite/TestGetAll\n","OutputType":"frame"}
{"Time":"2026-09-17T17:13:38.779673+08:00","Action":"output","Package":"github.com/TokenFlux/TokenRouter/internal/repository","Test":"TestSettingRepoSuite/TestGetAll","Output":"--- PASS: TestSettingRepoSuite/TestGetAll (0.00s)\n","OutputType":"frame"}
{"Time":"2026-09-17T17:13:38.779716+08:00","Action":"pass","Package":"github.com/TokenFlux/TokenRouter/internal/repository","Test":"TestSettingRepoSuite/TestGetAll","Elapsed":0}
{"Time":"2026-09-17T17:13:38.779724+08:00","Action":"run","Package":"github.com/TokenFlux/TokenRouter/internal/repository","Test":"TestSettingRepoSuite/TestGetMultiple_EmptyKeys"}
{"Time":"2026-09-17T17:13:38.779736+08:00","Action":"output","Package":"github.com/TokenFlux/TokenRouter/internal/repository","Test":"TestSettingRepoSuite/TestGetMultiple_EmptyKeys","Output":"=== RUN   TestSettingRepoSuite/TestGetMultiple_EmptyKeys\n","OutputType":"frame"}
{"Time":"2026-09-17T17:13:38.780165+08:00","Action":"output","Package":"github.com/TokenFlux/TokenRouter/internal/repository","Test":"TestSettingRepoSuite/TestGetMultiple_EmptyKeys","Output":"--- PASS: TestSettingRepoSuite/TestGetMultiple_EmptyKeys (0.00s)\n","OutputType":"frame"}
{"Time":"2026-09-17T17:13:38.780187+08:00","Action":"pass","Package":"github.com/TokenFlux/TokenRouter/internal/repository","Test":"TestSettingRepoSuite/TestGetMultiple_EmptyKeys","Elapsed":0}
{"Time":"2026-09-17T17:13:38.780214+08:00","Action":"run","Package":"github.com/TokenFlux/TokenRouter/internal/repository","Test":"TestSettingRepoSuite/TestGetMultiple_Subset"}
{"Time":"2026-09-17T17:13:38.780223+08:00","Action":"output","Package":"github.com/TokenFlux/TokenRouter/internal/repository","Test":"TestSettingRepoSuite/TestGetMultiple_Subset","Output":"=== RUN   TestSettingRepoSuite/TestGetMultiple_Subset\n","OutputType":"frame"}
{"Time":"2026-09-17T17:13:38.781547+08:00","Action":"output","Package":"github.com/TokenFlux/TokenRouter/internal/repository","Test":"TestSettingRepoSuite/TestGetMultiple_Subset","Output":"--- PASS: TestSettingRepoSuite/TestGetMultiple_Subset (0.00s)\n","OutputType":"frame"}
{"Time":"2026-09-17T17:13:38.781569+08:00","Action":"pass","Package":"github.com/TokenFlux/TokenRouter/internal/repository","Test":"TestSettingRepoSuite/TestGetMultiple_Subset","Elapsed":0}
{"Time":"2026-09-17T17:13:38.781575+08:00","Action":"run","Package":"github.com/TokenFlux/TokenRouter/internal/repository","Test":"TestSettingRepoSuite/TestGetValue_Missing"}
{"Time":"2026-09-17T17:13:38.781578+08:00","Action":"output","Package":"github.com/TokenFlux/TokenRouter/internal/repository","Test":"TestSettingRepoSuite/TestGetValue_Missing","Output":"=== RUN   TestSettingRepoSuite/TestGetValue_Missing\n","OutputType":"frame"}
{"Time":"2026-09-17T17:13:38.782341+08:00","Action":"output","Package":"github.com/TokenFlux/TokenRouter/internal/repository","Test":"TestSettingRepoSuite/TestGetValue_Missing","Output":"--- PASS: TestSettingRepoSuite/TestGetValue_Missing (0.00s)\n","OutputType":"frame"}
{"Time":"2026-09-17T17:13:38.782349+08:00","Action":"pass","Package":"github.com/TokenFlux/TokenRouter/internal/repository","Test":"TestSettingRepoSuite/TestGetValue_Missing","Elapsed":0}
{"Time":"2026-09-17T17:13:38.782353+08:00","Action":"run","Package":"github.com/TokenFlux/TokenRouter/internal/repository","Test":"TestSettingRepoSuite/TestSetAndGetValue"}
{"Time":"2026-09-17T17:13:38.782356+08:00","Action":"output","Package":"github.com/TokenFlux/TokenRouter/internal/repository","Test":"TestSettingRepoSuite/TestSetAndGetValue","Output":"=== RUN   TestSettingRepoSuite/TestSetAndGetValue\n","OutputType":"frame"}
{"Time":"2026-09-17T17:13:38.783494+08:00","Action":"output","Package":"github.com/TokenFlux/TokenRouter/internal/repository","Test":"TestSettingRepoSuite/TestSetAndGetValue","Output":"--- PASS: TestSettingRepoSuite/TestSetAndGetValue (0.00s)\n","OutputType":"frame"}
{"Time":"2026-09-17T17:13:38.783509+08:00","Action":"pass","Package":"github.com/TokenFlux/TokenRouter/internal/repository","Test":"TestSettingRepoSuite/TestSetAndGetValue","Elapsed":0}
{"Time":"2026-09-17T17:13:38.783513+08:00","Action":"run","Package":"github.com/TokenFlux/TokenRouter/internal/repository","Test":"TestSettingRepoSuite/TestSetMultiple_AndGetMultiple"}
{"Time":"2026-09-17T17:13:38.783516+08:00","Action":"output","Package":"github.com/TokenFlux/TokenRouter/internal/repository","Test":"TestSettingRepoSuite/TestSetMultiple_AndGetMultiple","Output":"=== RUN   TestSettingRepoSuite/TestSetMultiple_AndGetMultiple\n","OutputType":"frame"}
{"Time":"2026-09-17T17:13:38.784654+08:00","Action":"output","Package":"github.com/TokenFlux/TokenRouter/internal/repository","Test":"TestSettingRepoSuite/TestSetMultiple_AndGetMultiple","Output":"--- PASS: TestSettingRepoSuite/TestSetMultiple_AndGetMultiple (0.00s)\n","OutputType":"frame"}
{"Time":"2026-09-17T17:13:38.784665+08:00","Action":"pass","Package":"github.com/TokenFlux/TokenRouter/internal/repository","Test":"TestSettingRepoSuite/TestSetMultiple_AndGetMultiple","Elapsed":0}
{"Time":"2026-09-17T17:13:38.784676+08:00","Action":"run","Package":"github.com/TokenFlux/TokenRouter/internal/repository","Test":"TestSettingRepoSuite/TestSetMultiple_UpdateToEmpty"}
{"Time":"2026-09-17T17:13:38.784679+08:00","Action":"output","Package":"github.com/TokenFlux/TokenRouter/internal/repository","Test":"TestSettingRepoSuite/TestSetMultiple_UpdateToEmpty","Output":"=== RUN   TestSettingRepoSuite/TestSetMultiple_UpdateToEmpty\n","OutputType":"frame"}
{"Time":"2026-09-17T17:13:38.786567+08:00","Action":"output","Package":"github.com/TokenFlux/TokenRouter/internal/repository","Test":"TestSettingRepoSuite/TestSetMultiple_UpdateToEmpty","Output":"--- PASS: TestSettingRepoSuite/TestSetMultiple_UpdateToEmpty (0.00s)\n","OutputType":"frame"}
{"Time":"2026-09-17T17:13:38.786587+08:00","Action":"pass","Package":"github.com/TokenFlux/TokenRouter/internal/repository","Test":"TestSettingRepoSuite/TestSetMultiple_UpdateToEmpty","Elapsed":0}
{"Time":"2026-09-17T17:13:38.786591+08:00","Action":"run","Package":"github.com/TokenFlux/TokenRouter/internal/repository","Test":"TestSettingRepoSuite/TestSetMultiple_Upsert"}
{"Time":"2026-09-17T17:13:38.786594+08:00","Action":"output","Package":"github.com/TokenFlux/TokenRouter/internal/repository","Test":"TestSettingRepoSuite/TestSetMultiple_Upsert","Output":"=== RUN   TestSettingRepoSuite/TestSetMultiple_Upsert\n","OutputType":"frame"}
{"Time":"2026-09-17T17:13:38.78882+08:00","Action":"output","Package":"github.com/TokenFlux/TokenRouter/internal/repository","Test":"TestSettingRepoSuite/TestSetMultiple_Upsert","Output":"--- PASS: TestSettingRepoSuite/TestSetMultiple_Upsert (0.00s)\n","OutputType":"frame"}
{"Time":"2026-09-17T17:13:38.788848+08:00","Action":"pass","Package":"github.com/TokenFlux/TokenRouter/internal/repository","Test":"TestSettingRepoSuite/TestSetMultiple_Upsert","Elapsed":0}
{"Time":"2026-09-17T17:13:38.788854+08:00","Action":"run","Package":"github.com/TokenFlux/TokenRouter/internal/repository","Test":"TestSettingRepoSuite/TestSetMultiple_WithEmptyValues"}
{"Time":"2026-09-17T17:13:38.788857+08:00","Action":"output","Package":"github.com/TokenFlux/TokenRouter/internal/repository","Test":"TestSettingRepoSuite/TestSetMultiple_WithEmptyValues","Output":"=== RUN   TestSettingRepoSuite/TestSetMultiple_WithEmptyValues\n","OutputType":"frame"}
{"Time":"2026-09-17T17:13:38.790135+08:00","Action":"output","Package":"github.com/TokenFlux/TokenRouter/internal/repository","Test":"TestSettingRepoSuite/TestSetMultiple_WithEmptyValues","Output":"--- PASS: TestSettingRepoSuite/TestSetMultiple_WithEmptyValues (0.00s)\n","OutputType":"frame"}
{"Time":"2026-09-17T17:13:38.790159+08:00","Action":"pass","Package":"github.com/TokenFlux/TokenRouter/internal/repository","Test":"TestSettingRepoSuite/TestSetMultiple_WithEmptyValues","Elapsed":0}
{"Time":"2026-09-17T17:13:38.79017+08:00","Action":"run","Package":"github.com/TokenFlux/TokenRouter/internal/repository","Test":"TestSettingRepoSuite/TestSet_EmptyValue"}
{"Time":"2026-09-17T17:13:38.790173+08:00","Action":"output","Package":"github.com/TokenFlux/TokenRouter/internal/repository","Test":"TestSettingRepoSuite/TestSet_EmptyValue","Output":"=== RUN   TestSettingRepoSuite/TestSet_EmptyValue\n","OutputType":"frame"}
{"Time":"2026-09-17T17:13:38.791258+08:00","Action":"output","Package":"github.com/TokenFlux/TokenRouter/internal/repository","Test":"TestSettingRepoSuite/TestSet_EmptyValue","Output":"--- PASS: TestSettingRepoSuite/TestSet_EmptyValue (0.00s)\n","OutputType":"frame"}
{"Time":"2026-09-17T17:13:38.791267+08:00","Action":"pass","Package":"github.com/TokenFlux/TokenRouter/internal/repository","Test":"TestSettingRepoSuite/TestSet_EmptyValue","Elapsed":0}
{"Time":"2026-09-17T17:13:38.791285+08:00","Action":"run","Package":"github.com/TokenFlux/TokenRouter/internal/repository","Test":"TestSettingRepoSuite/TestSet_Upsert"}
{"Time":"2026-09-17T17:13:38.791288+08:00","Action":"output","Package":"github.com/TokenFlux/TokenRouter/internal/repository","Test":"TestSettingRepoSuite/TestSet_Upsert","Output":"=== RUN   TestSettingRepoSuite/TestSet_Upsert\n","OutputType":"frame"}
{"Time":"2026-09-17T17:13:38.792754+08:00","Action":"output","Package":"github.com/TokenFlux/TokenRouter/internal/repository","Test":"TestSettingRepoSuite/TestSet_Upsert","Output":"--- PASS: TestSettingRepoSuite/TestSet_Upsert (0.00s)\n","OutputType":"frame"}
{"Time":"2026-09-17T17:13:38.792776+08:00","Action":"pass","Package":"github.com/TokenFlux/TokenRouter/internal/repository","Test":"TestSettingRepoSuite/TestSet_Upsert","Elapsed":0}
{"Time":"2026-09-17T17:13:38.792794+08:00","Action":"output","Package":"github.com/TokenFlux/TokenRouter/internal/repository","Test":"TestSettingRepoSuite","Output":"--- PASS: TestSettingRepoSuite (0.02s)\n","OutputType":"frame"}
{"Time":"2026-09-17T17:13:38.792807+08:00","Action":"pass","Package":"github.com/TokenFlux/TokenRouter/internal/repository","Test":"TestSettingRepoSuite","Elapsed":0.02}
{"Time":"2026-09-17T17:13:38.792955+08:00","Action":"output","Package":"github.com/TokenFlux/TokenRouter/internal/repository","Output":"PASS\n","OutputType":"frame"}
{"Time":"2026-09-17T17:13:39.801496+08:00","Action":"output","Package":"github.com/TokenFlux/TokenRouter/internal/repository","Output":"ok  \tgithub.com/TokenFlux/TokenRouter/internal/repository\t11.677s\n"}
{"Time":"2026-09-17T17:13:39.801545+08:00","Action":"pass","Package":"github.com/TokenFlux/TokenRouter/internal/repository","Elapsed":11.677}
{"Time":"2026-09-17T17:13:42.19289+08:00","Action":"start","Package":"github.com/TokenFlux/TokenRouter/internal/server/routes"}
{"Time":"2026-09-17T17:13:43.667413+08:00","Action":"run","Package":"github.com/TokenFlux/TokenRouter/internal/server/routes","Test":"TestAuthRegisterRateLimitThresholdHitReturns429"}
{"Time":"2026-09-17T17:13:43.667495+08:00","Action":"output","Package":"github.com/TokenFlux/TokenRouter/internal/server/routes","Test":"TestAuthRegisterRateLimitThresholdHitReturns429","Output":"=== RUN   TestAuthRegisterRateLimitThresholdHitReturns429\n","OutputType":"frame"}
{"Time":"2026-09-17T17:13:44.212676+08:00","Action":"output","Package":"github.com/TokenFlux/TokenRouter/internal/server/routes","Test":"TestAuthRegisterRateLimitThresholdHitReturns429","Output":"--- PASS: TestAuthRegisterRateLimitThresholdHitReturns429 (0.55s)\n","OutputType":"frame"}
{"Time":"2026-09-17T17:13:44.212793+08:00","Action":"pass","Package":"github.com/TokenFlux/TokenRouter/internal/server/routes","Test":"TestAuthRegisterRateLimitThresholdHitReturns429","Elapsed":0.55}
{"Time":"2026-09-17T17:13:44.212942+08:00","Action":"output","Package":"github.com/TokenFlux/TokenRouter/internal/server/routes","Output":"PASS\n","OutputType":"frame"}
{"Time":"2026-09-17T17:13:45.220934+08:00","Action":"output","Package":"github.com/TokenFlux/TokenRouter/internal/server/routes","Output":"ok  \tgithub.com/TokenFlux/TokenRouter/internal/server/routes\t3.028s\n"}
{"Time":"2026-09-17T17:13:45.221133+08:00","Action":"pass","Package":"github.com/TokenFlux/TokenRouter/internal/server/routes","Elapsed":3.028}
