internal/repository/account_repo_ollama_cloud_usage_integration_test.go:280:3: Error return value is not checked (errcheck)
		secondLoaded.Extra[service.OllamaCloudUsageSnapshotExtraKey].(map[string]any)["status"])
		^
internal/repository/api_key_repo_integration_test.go:658:10: Error return value is not checked (errcheck)
	repo := NewAPIKeyRepository(client, integrationDB).(*apiKeyRepository)
	        ^
internal/repository/concurrency_cache_integration_test.go:37:15: Error return value is not checked (errcheck)
	s.rawCache = NewConcurrencyCache(s.rdb, testSlotTTLMinutes, int(testSlotTTL.Seconds())).(*concurrencyCache)
	             ^
internal/repository/usage_billing_repo_integration_test.go:715:18: Error return value of `(*database/sql.Rows).Close` is not checked (errcheck)
	defer rows.Close()
	                ^
internal/repository/fixtures_integration_test.go:386:6: func mustCreateRedeemCode is unused (unused)
func mustCreateRedeemCode(t *testing.T, client *dbent.Client, c *service.RedeemCode) *service.RedeemCode {
     ^
internal/repository/integration_harness_test.go:244:6: func testEntSQLTx is unused (unused)
func testEntSQLTx(t *testing.T) (*dbent.Client, *sql.Tx) {
     ^
internal/repository/redeem_code_repo_integration_test.go:44:31: func (*RedeemCodeRepoSuite).createGroup is unused (unused)
func (s *RedeemCodeRepoSuite) createGroup(name string) *dbent.Group {
                              ^
7 issues:
* errcheck: 4
* unused: 3
